node.exe : 2026-02-11T07:55:41.968Z vite:config config file loaded in 331.51ms
위치 줄:1 문자:1
+ & "C:\Program Files\nodejs/node.exe" "C:\Program Files\nodejs/node_mo ...
+ ~~~~~~~~~~~~~~~~~~~~~~~~~~~~~~~~~~~~~~~~~~~~~~~~~~~~~~~~~~~~~~~~~~~~~
    + CategoryInfo          : NotSpecified: (2026-02-11T07:5...ded in 331.51ms:S 
   tring) [], RemoteException
    + FullyQualifiedErrorId : NativeCommandError
 
2026-02-11T07:55:41.977Z vite:env loading env files: [
  'C:/Users/obzen NT-047/Saved Games/?꾩쑀??AI?먮룞?붿뿰援ы댋/Rhythmish/.env',
  'C:/Users/obzen NT-047/Saved Games/?꾩쑀??AI?먮룞?붿뿰援ы댋/Rhythmish/.env.local',
  'C:/Users/obzen NT-047/Saved Games/?꾩쑀??AI?먮룞?붿뿰援ы댋/Rhythmish/.env.production',
  'C:/Users/obzen NT-047/Saved Games/?꾩쑀??AI?먮룞?붿뿰援ы댋/Rhythmish/.env.production.l
ocal'
]
2026-02-11T07:55:41.978Z vite:env env files loaded in 2.71ms
2026-02-11T07:55:41.982Z vite:env using resolved env: {
  VITE_GEMINI_API_KEY: 'AIzaSyAPDN_1qku32CBxWCmqYzQaysELftp_q-w',
  VITE_FIREBASE_API_KEY: 'AIzaSyB2ePAExMFNnK5CbqnYQDr1tVMYv8q4_bU',
  VITE_FIREBASE_AUTH_DOMAIN: 'rhythmish-ed2a0.firebaseapp.com',
  VITE_FIREBASE_PROJECT_ID: 'rhythmish-ed2a0',
  VITE_FIREBASE_STORAGE_BUCKET: 'rhythmish-ed2a0.firebasestorage.app',
  VITE_FIREBASE_MESSAGING_SENDER_ID: '561637716883',
  VITE_FIREBASE_APP_ID: '1:561637716883:web:bff184ecceac0cb4b56e66',
  VITE_YOUTUBE_API_KEY: 'AIzaSyAPDN_1qku32CBxWCmqYzQaysELftp_q-w'
}
2026-02-11T07:55:42.050Z vite:config using resolved config: {
  plugins: [
    'vite:build-metadata',
    'vite:watch-package-data',
    'alias',
    'vite:react-babel',
    'vite:react-refresh',
    '@tailwindcss/vite:scan',
    '@tailwindcss/vite:generate:build',
    'vite:modulepreload-polyfill',
    'vite:resolve',
    'vite:html-inline-proxy',
    'vite:css',
    'vite:esbuild',
    'vite:json',
    'vite:wasm-helper',
    'vite:worker',
    'vite:asset',
    'vite:react-virtual-preamble',
    'vite:wasm-fallback',
    'vite:define',
    'vite:css-post',
    'vite:build-html',
    'vite:worker-import-meta-url',
    'vite:asset-import-meta-url',
    'vite:force-amd-wrap-require',
    'vite:force-systemjs-wrap-complete',
    'vite:prepare-out-dir',
    'commonjs',
    'vite:data-uri',
    'vite:rollup-options-plugins',
    'vite:dynamic-import-vars',
    'vite:import-glob',
    'vite:build-import-analysis',
    'vite:esbuild-transpile',
    'vite:terser',
    'vite:license',
    'vite:manifest',
    'vite:ssr-manifest',
    'vite:reporter',
    'vite:load-fallback'
  ],
  resolve: {
    externalConditions: [ 'node', 'module-sync' ],
    extensions: [
      '.mjs',  '.js',
      '.mts',  '.ts',
      '.jsx',  '.tsx',
      '.json'
    ],
    dedupe: [],
    noExternal: [],
    external: [],
    preserveSymlinks: false,
    alias: [
      {
        find: '@',
        replacement: 'C:\\Users\\obzen NT-047\\Saved Games\\?꾩쑀??\AI?먮룞?붿뿰援ы댋\\Rh
ythmish\\src'
      },
      {
        find: /^\/?@vite\/env/,
        replacement: '/@fs/C:/Users/obzen NT-047/Saved Games/?꾩쑀??AI?먮룞?붿뿰援ы댋/Rhy
thmish/node_modules/vite/dist/client/env.mjs'
      },
      {
        find: /^\/?@vite\/client/,
        replacement: '/@fs/C:/Users/obzen NT-047/Saved Games/?꾩쑀??AI?먮룞?붿뿰援ы댋/Rhy
thmish/node_modules/vite/dist/client/client.mjs'
      }
    ],
    mainFields: [ 'browser', 'module', 'jsnext:main', 'jsnext' ],
    conditions: [ 'module', 'browser', 'development|production' ],
    builtins: []
  },
  build: {
    target: [ 'chrome107', 'edge107', 'firefox104', 'safari16' ],
    polyfillModulePreload: true,
    modulePreload: { polyfill: true },
    outDir: 'dist',
    assetsDir: 'assets',
    assetsInlineLimit: 4096,
    sourcemap: false,
    terserOptions: {},
    rollupOptions: { onwarn: [Function: onwarn] },
    commonjsOptions: { include: [ /node_modules/ ], extensions: [ '.js', '.cjs' ]
 },
    dynamicImportVarsOptions: { warnOnError: true, exclude: [ /node_modules/ ] },
    write: true,
    emptyOutDir: null,
    copyPublicDir: true,
    license: false,
    manifest: false,
    lib: false,
    ssrManifest: false,
    ssrEmitAssets: false,
    reportCompressedSize: true,
    chunkSizeWarningLimit: 500,
    watch: null,
    cssCodeSplit: true,
    minify: 'esbuild',
    ssr: false,
    emitAssets: true,
    createEnvironment: [Function: createEnvironment],
    cssTarget: [ 'chrome107', 'edge107', 'firefox104', 'safari16' ],
    cssMinify: true
  },
  esbuild: {
    jsxDev: false,
    charset: 'utf8',
    legalComments: 'none',
    jsx: 'automatic',
    jsxImportSource: undefined
  },
  optimizeDeps: {
    include: [
      'react',
      'react-dom',
      'react/jsx-dev-runtime',
      'react/jsx-runtime'
    ],
    exclude: [],
    needsInterop: [],
    extensions: [],
    disabled: undefined,
    holdUntilCrawlEnd: true,
    force: false,
    ignoreOutdatedRequests: false,
    noDiscovery: false,
    esbuildOptions: { preserveSymlinks: false, jsx: 'automatic' }
  },
  environments: {
    client: {
      define: undefined,
      resolve: {
        externalConditions: [ 'node', 'module-sync' ],
        extensions: [
          '.mjs',  '.js',
          '.mts',  '.ts',
          '.jsx',  '.tsx',
          '.json'
        ],
        dedupe: [],
        noExternal: [],
        external: [],
        preserveSymlinks: false,
        alias: [
          {
            find: '@',
            replacement: 'C:\\Users\\obzen NT-047\\Saved Games\\?꾩쑀??\AI?먮룞?붿뿰援ы댋
\\Rhythmish\\src'
          },
          {
            find: /^\/?@vite\/env/,
            replacement: '/@fs/C:/Users/obzen NT-047/Saved Games/?꾩쑀??AI?먮룞?붿뿰援ы댋
/Rhythmish/node_modules/vite/dist/client/env.mjs'
          },
          {
            find: /^\/?@vite\/client/,
            replacement: '/@fs/C:/Users/obzen NT-047/Saved Games/?꾩쑀??AI?먮룞?붿뿰援ы댋
/Rhythmish/node_modules/vite/dist/client/client.mjs'
          }
        ],
        mainFields: [ 'browser', 'module', 'jsnext:main', 'jsnext' ],
        conditions: [ 'module', 'browser', 'development|production' ],
        builtins: []
      },
      keepProcessEnv: false,
      consumer: 'client',
      optimizeDeps: {
        include: [
          'react',
          'react-dom',
          'react/jsx-dev-runtime',
          'react/jsx-runtime'
        ],
        exclude: [],
        needsInterop: [],
        extensions: [],
        disabled: undefined,
        holdUntilCrawlEnd: true,
        force: false,
        ignoreOutdatedRequests: false,
        noDiscovery: false,
        esbuildOptions: { preserveSymlinks: false, jsx: 'automatic' }
      },
      dev: {
        warmup: [],
        sourcemap: { js: true },
        sourcemapIgnoreList: [Function: isInNodeModules],
        preTransformRequests: true,
        createEnvironment: [Function: defaultCreateClientDevEnvironment],
        recoverable: true,
        moduleRunnerTransform: false
      },
      build: {
        target: [ 'chrome107', 'edge107', 'firefox104', 'safari16' ],
        polyfillModulePreload: true,
        modulePreload: { polyfill: true },
        outDir: 'dist',
        assetsDir: 'assets',
        assetsInlineLimit: 4096,
        sourcemap: false,
        terserOptions: {},
        rollupOptions: { onwarn: [Function: onwarn] },
        commonjsOptions: { include: [ /node_modules/ ], extensions: [ '.js', '.cj
s' ] },
        dynamicImportVarsOptions: { warnOnError: true, exclude: [ /node_modules/ 
] },
        write: true,
        emptyOutDir: null,
        copyPublicDir: true,
        license: false,
        manifest: false,
        lib: false,
        ssrManifest: false,
        ssrEmitAssets: false,
        reportCompressedSize: true,
        chunkSizeWarningLimit: 500,
        watch: null,
        cssCodeSplit: true,
        minify: 'esbuild',
        ssr: false,
        emitAssets: true,
        createEnvironment: [Function: createEnvironment],
        cssTarget: [ 'chrome107', 'edge107', 'firefox104', 'safari16' ],
        cssMinify: true
      },
      plugins: [
        {
          name: 'vite:build-metadata',
          renderChunk: [AsyncFunction: renderChunk]
        },
        {
          name: 'vite:watch-package-data',
          buildStart: [Function: buildStart],
          buildEnd: [Function: buildEnd],
          watchChange: [Function: watchChange]
        },
        {
          name: 'alias',
          buildStart: [AsyncFunction: buildStart],
          resolveId: [Function: resolveId]
        },
        {
          name: 'vite:react-babel',
          enforce: 'pre',
          config: [Function: config],
          configResolved: [Function: configResolved],
          options: [Function: options]
        },
        {
          name: 'vite:react-refresh',
          enforce: 'pre',
          config: [Function: config],
          resolveId: {
            filter: { id: /^\/@react\-refresh$/ },
            handler: [Function: handler]
          },
          load: {
            filter: { id: /^\/@react\-refresh$/ },
            handler: [Function: handler]
          },
          transformIndexHtml: [Function: transformIndexHtml]
        },
        {
          name: '@tailwindcss/vite:scan',
          enforce: 'pre',
          configureServer: [Function: configureServer],
          configResolved: [AsyncFunction: configResolved]
        },
        {
          name: '@tailwindcss/vite:generate:build',
          apply: 'build',
          enforce: 'pre',
          transform: {
            filter: {
              id: {
                exclude: [
                  /\/\.vite\//,
                  /[?&](?:worker|sharedworker|raw|url)\b/,
                  /\?commonjs-proxy/
                ],
                include: [
                  /\.css(?:\?.*)?$/,
                  /&lang\.css/,
                  /[?&]index\=\d+\.css$/
                ]
              }
            },
            handler: [AsyncFunction: handler]
          }
        },
        {
          name: 'vite:modulepreload-polyfill',
          resolveId: {
            filter: { id: /^vite\/modulepreload\-polyfill$/ },
            handler: [Function: handler]
          },
          load: {
            filter: { id: /^ vite\/modulepreload\-polyfill\.js$/ },
            handler: [Function: handler]
          }
        },
        {
          name: 'vite:resolve',
          resolveId: {
            filter: { id: { exclude: /^(?:\0|\/?virtual:)/ } },
            handler: [AsyncFunction: handler]
          },
          load: {
            filter: {
              id: [
                /^__vite\-browser\-external/,
                /^__vite\-optional\-peer\-dep/
              ]
            },
            handler: [Function: handler]
          }
        },
        {
          name: 'vite:html-inline-proxy',
          resolveId: {
            filter: { id: /[?&]html-proxy\b/ },
            handler: [Function: handler]
          },
          load: {
            filter: { id: /[?&]html-proxy\b/ },
            handler: [Function: handler]
          }
        },
        {
          name: 'vite:css',
          buildStart: [Function: buildStart],
          buildEnd: [Function: buildEnd],
          load: {
            filter: {
              id: /\.(css|less|sass|scss|styl|stylus|pcss|postcss|sss)(?:$|\?)/
            },
            handler: [AsyncFunction: handler]
          },
          transform: {
            filter: {
              id: {
                include: /\.(css|less|sass|scss|styl|stylus|pcss|postcss|sss)(?:$
|\?)/,
                exclude: [
                  /[?&]commonjs-proxy/,
                  /[?&](?:worker|sharedworker|raw|url)\b/
                ]
              }
            },
            handler: [AsyncFunction: handler]
          }
        },
        {
          name: 'vite:esbuild',
          configureServer: [Function: configureServer],
          transform: [AsyncFunction: transform]
        },
        {
          name: 'vite:json',
          transform: {
            filter: {
              id: {
                include: /\.json(?:$|\?)(?!commonjs-(?:proxy|external))/,
                exclude: /[?&](?:worker|sharedworker|raw|url)\b/
              }
            },
            handler: [Function: handler]
          }
        },
        {
          name: 'vite:wasm-helper',
          resolveId: {
            filter: { id: /^ vite\/wasm\-helper\.js$/ },
            handler: [Function: handler]
          },
          load: {
            filter: {
              id: [
                /^ vite\/wasm\-helper\.js$/,
                /(?<![?#].*)\.wasm\?init/
              ]
            },
            handler: [AsyncFunction: handler]
          }
        },
        {
          name: 'vite:worker',
          buildStart: [Function: buildStart],
          load: {
            filter: { id: /(?:\?|&)(worker|sharedworker)(?:&|$)/ },
            handler: [AsyncFunction: handler]
          },
          transform: {
            filter: { id: /(?:\?|&)worker_file&type=(\w+)(?:&|$)/ },
            handler: [AsyncFunction: handler]
          },
          renderChunk: [Function: renderChunk],
          generateBundle: [Function: generateBundle],
          watchChange: [Function: watchChange]
        },
        {
          name: 'vite:asset',
          perEnvironmentStartEndDuringDev: true,
          buildStart: [Function: buildStart],
          resolveId: { handler: [Function: handler] },
          load: {
            filter: { id: { exclude: /^\0/ } },
            handler: [AsyncFunction: handler]
          },
          renderChunk: [Function: renderChunk],
          generateBundle: [Function: generateBundle]
        },
        {
          name: 'vite:react-virtual-preamble',
          resolveId: {
            order: 'pre',
            filter: { id: /^@vitejs\/plugin\-react\/preamble$/ },
            handler: [Function: handler]
          },
          load: {
            filter: { id: /^ @vitejs\/plugin\-react\/preamble$/ },
            handler: [Function: handler]
          }
        },
        {
          name: 'vite:wasm-fallback',
          load: { filter: { id: /\.wasm$/ }, handler: [Function: handler] }
        },
        {
          name: 'vite:define',
          transform: { handler: [AsyncFunction: handler] }
        },
        {
          name: 'vite:css-post',
          renderStart: [Function: renderStart],
          transform: {
            filter: {
              id: {
                include: /\.(css|less|sass|scss|styl|stylus|pcss|postcss|sss)(?:$
|\?)/,
                exclude: [
                  /[?&]commonjs-proxy/,
                  /[?&](?:worker|sharedworker|raw|url)\b/
                ]
              }
            },
            handler: [AsyncFunction: handler]
          },
          renderChunk: [AsyncFunction: renderChunk],
          augmentChunkHash: [Function: augmentChunkHash],
          generateBundle: [AsyncFunction: generateBundle]
        },
        {
          name: 'vite:build-html',
          transform: {
            filter: { id: /\.html$/ },
            handler: [AsyncFunction: handler]
          },
          generateBundle: [AsyncFunction: generateBundle]
        },
        {
          name: 'vite:worker-import-meta-url',
          applyToEnvironment: [Function: applyToEnvironment],
          transform: {
            filter: {
              code: /new\s+(?:Worker|SharedWorker)\s*\(\s*new\s+URL.+?import\.met
a\.url/s
            },
            handler: [AsyncFunction: handler]
          }
        },
        {
          name: 'vite:asset-import-meta-url',
          applyToEnvironment: [Function: applyToEnvironment],
          transform: {
            filter: {
              id: {
                exclude: [
                  /^ vite\/preload\-helper\.js$/,
                  /^C:\\Users\\obzen NT\-047\\Saved Games\\?꾩쑀??\AI?먮룞?붿뿰援ы댋\\Rhy
thmish\\node_modules\\vite\\dist\\client\\client\.mjs$/
                ]
              },
              code: /new\s+URL.+import\.meta\.url/s
            },
            handler: [AsyncFunction: handler]
          }
        },
        {
          name: 'vite:force-amd-wrap-require',
          renderChunk: [Function: renderChunk]
        },
        {
          name: 'vite:force-systemjs-wrap-complete',
          renderChunk: [Function: renderChunk]
        },
        {
          name: 'vite:prepare-out-dir',
          options: [Function: options],
          renderStart: { order: 'pre', handler: [Function: handler] }
        },
        {
          name: 'commonjs',
          version: '29.0.0',
          options: [Function: options],
          buildStart: [Function: buildStart],
          buildEnd: [Function: buildEnd],
          load: [AsyncFunction: load],
          shouldTransformCachedModule: [Function: shouldTransformCachedModule],
          transform: [Function: transform]
        },
        {
          name: 'vite:data-uri',
          buildStart: [Function: buildStart],
          resolveId: [Function: resolveId],
          load: [Function: load]
        },
        {
          name: 'vite:dynamic-import-vars',
          resolveId: {
            filter: { id: /^ vite\/dynamic\-import\-helper\.js$/ },
            handler: [Function: handler]
          },
          load: {
            filter: { id: /^ vite\/dynamic\-import\-helper\.js$/ },
            handler: [Function: handler]
          },
          transform: {
            filter: {
              id: {
                exclude: /^C:\\Users\\obzen NT\-047\\Saved Games\\?꾩쑀??\AI?먮룞?붿뿰援
ы댋\\Rhythmish\\node_modules\\vite\\dist\\client\\client\.mjs$/
              },
              code: /\bimport\s*[(/]/
            },
            handler: [AsyncFunction: handler]
          }
        },
        {
          name: 'vite:import-glob',
          buildStart: [Function: buildStart],
          transform: {
            filter: { code: 'import.meta.glob' },
            handler: [AsyncFunction: handler]
          },
          hotUpdate: [Function: hotUpdate]
        },
        {
          name: 'vite:build-import-analysis',
          resolveId: {
            filter: { id: /^ vite\/preload\-helper\.js$/ },
            handler: [Function: handler]
          },
          load: {
            filter: { id: /^ vite\/preload\-helper\.js$/ },
            handler: [Function: handler]
          },
          transform: {
            filter: { code: /import\s*\(/ },
            handler: [AsyncFunction: handler]
          },
          renderChunk: [Function: renderChunk],
[36mvite v7.3.1 [32mbuilding client environment for production...[36m[39m
          generateBundle: [Function: generateBundle]
        },
        {
          name: 'vite:esbuild-transpile',
          applyToEnvironment: [Function: applyToEnvironment],
          renderChunk: [AsyncFunction: renderChunk]
        },
        {
          name: 'vite:terser',
          applyToEnvironment: [Function: applyToEnvironment],
          renderChunk: [AsyncFunction: renderChunk],
          closeBundle: [Function: closeBundle]
        },
        {
          name: 'vite:license',
          generateBundle: [AsyncFunction: generateBundle]
        },
        {
          name: 'vite:reporter',
          sharedDuringBuild: true,
          perEnvironmentStartEndDuringDev: true,
          transform: [Function: transform],
          buildStart: [Function: buildStart],
          buildEnd: [Function: buildEnd],
          renderStart: [Function: renderStart],
          renderChunk: [Function: renderChunk],
          generateBundle: [Function: generateBundle],
          writeBundle: [AsyncFunction: writeBundle]
        },
        {
          name: 'vite:load-fallback',
          load: { handler: [AsyncFunction: handler] }
        }
      ]
    }
  },
  configFile: 'C:/Users/obzen NT-047/Saved Games/?꾩쑀??AI?먮룞?붿뿰援ы댋/Rhythmish/vite.
config.ts',
  configFileDependencies: [
    'C:/Users/obzen NT-047/Saved Games/?꾩쑀??AI?먮룞?붿뿰援ы댋/Rhythmish/vite.config.ts'
  ],
  inlineConfig: {
    root: undefined,
    base: undefined,
    mode: undefined,
    configFile: undefined,
    configLoader: undefined,
    logLevel: undefined,
    clearScreen: undefined,
    build: {}
  },
  root: 'C:/Users/obzen NT-047/Saved Games/?꾩쑀??AI?먮룞?붿뿰援ы댋/Rhythmish',
  base: '/',
  decodedBase: '/',
  rawBase: '/',
  publicDir: 'C:/Users/obzen NT-047/Saved Games/?꾩쑀??AI?먮룞?붿뿰援ы댋/Rhythmish/public
',
  cacheDir: 'C:/Users/obzen NT-047/Saved Games/?꾩쑀??AI?먮룞?붿뿰援ы댋/Rhythmish/node_mo
dules/.vite',
  command: 'build',
  mode: 'production',
  isWorker: false,
  mainConfig: null,
  bundleChain: [],
  isProduction: true,
  css: {
    transformer: 'postcss',
    preprocessorMaxWorkers: true,
    devSourcemap: false
  },
  json: { namedExports: true, stringify: 'auto' },
  server: {
    port: 5173,
    strictPort: false,
    host: undefined,
    allowedHosts: [],
    https: undefined,
    open: false,
    proxy: undefined,
    cors: {
      origin: /^https?:\/\/(?:(?:[^:]+\.)?localhost|127\.0\.0\.1|\[::1\])(?::\d+)
?$/
    },
    headers: {},
    warmup: { clientFiles: [], ssrFiles: [] },
    middlewareMode: false,
    fs: {
      strict: true,
      deny: [ '.env', '.env.*', '*.{crt,pem}', '**/.git/**' ],
      allow: [ 'C:/Users/obzen NT-047/Saved Games/?꾩쑀??AI?먮룞?붿뿰援ы댋/Rhythmish' ]
    },
    preTransformRequests: true,
    perEnvironmentStartEndDuringDev: false,
    perEnvironmentWatchChangeDuringDev: false,
    sourcemapIgnoreList: [Function: isInNodeModules]
  },
  builder: undefined,
  preview: {
    port: 4173,
    strictPort: false,
    host: undefined,
    allowedHosts: [],
    https: undefined,
    open: false,
    proxy: undefined,
    cors: {
      origin: /^https?:\/\/(?:(?:[^:]+\.)?localhost|127\.0\.0\.1|\[::1\])(?::\d+)
?$/
    },
    headers: {}
  },
  envDir: 'C:/Users/obzen NT-047/Saved Games/?꾩쑀??AI?먮룞?붿뿰援ы댋/Rhythmish',
  env: {
    VITE_GEMINI_API_KEY: 'AIzaSyAPDN_1qku32CBxWCmqYzQaysELftp_q-w',
    VITE_FIREBASE_API_KEY: 'AIzaSyB2ePAExMFNnK5CbqnYQDr1tVMYv8q4_bU',
    VITE_FIREBASE_AUTH_DOMAIN: 'rhythmish-ed2a0.firebaseapp.com',
    VITE_FIREBASE_PROJECT_ID: 'rhythmish-ed2a0',
    VITE_FIREBASE_STORAGE_BUCKET: 'rhythmish-ed2a0.firebasestorage.app',
    VITE_FIREBASE_MESSAGING_SENDER_ID: '561637716883',
    VITE_FIREBASE_APP_ID: '1:561637716883:web:bff184ecceac0cb4b56e66',
    VITE_YOUTUBE_API_KEY: 'AIzaSyAPDN_1qku32CBxWCmqYzQaysELftp_q-w',
    BASE_URL: '/',
    MODE: 'production',
    DEV: false,
    PROD: true
  },
  assetsInclude: [Function: assetsInclude],
  logger: {
    hasWarned: false,
    info: [Function: info],
    warn: [Function: warn],
    warnOnce: [Function: warnOnce],
    error: [Function: error],
    clearScreen: [Function: clearScreen],
    hasErrorLogged: [Function: hasErrorLogged]
  },
  packageCache: Map(1) {
    'fnpd_C:/Users/obzen NT-047/Saved Games/?꾩쑀??AI?먮룞?붿뿰援ы댋/Rhythmish' => {
      dir: 'C:/Users/obzen NT-047/Saved Games/?꾩쑀??AI?먮룞?붿뿰援ы댋/Rhythmish',
      data: {
        name: 'temp_rhythm',
        private: true,
        version: '0.0.0',
        type: 'module',
        scripts: {
          dev: 'vite',
          build: 'tsc -b && vite build',
          lint: 'eslint .',
          preview: 'vite preview'
        },
        dependencies: {
          '@google/generative-ai': '^0.24.1',
          axios: '^1.13.5',
          firebase: '^12.9.0',
          react: '^19.2.0',
          'react-dom': '^19.2.0'
        },
        devDependencies: {
          '@eslint/js': '^9.39.1',
          '@tailwindcss/vite': '^4.1.18',
          '@types/node': '^24.10.11',
          '@types/react': '^19.2.5',
          '@types/react-dom': '^19.2.3',
          '@vitejs/plugin-react': '^5.1.1',
          autoprefixer: '^10.4.24',
          eslint: '^9.39.1',
          'eslint-plugin-react-hooks': '^7.0.1',
          'eslint-plugin-react-refresh': '^0.4.24',
          'framer-motion': '^12.33.0',
          globals: '^16.5.0',
          'lucide-react': '^0.563.0',
          postcss: '^8.5.6',
          'react-router-dom': '^7.13.0',
          tailwindcss: '^4.1.18',
          typescript: '~5.9.3',
          'typescript-eslint': '^8.46.4',
          vite: '^7.2.4'
        }
      },
      hasSideEffects: [Function: hasSideEffects],
      setResolvedCache: [Function: setResolvedCache],
      getResolvedCache: [Function: getResolvedCache]
    },
    set: [Function (anonymous)]
  },
  worker: { format: 'iife', plugins: '() => plugins', rollupOptions: {} },
  appType: 'spa',
  experimental: {
    importGlobRestoreExtension: false,
    renderBuiltUrl: undefined,
    hmrPartialAccept: false
  },
  future: undefined,
  ssr: {
    target: 'node',
    optimizeDeps: { esbuildOptions: { preserveSymlinks: false } },
    resolve: { conditions: undefined, externalConditions: undefined }
  },
  dev: {
    warmup: [],
    sourcemap: { js: true },
    sourcemapIgnoreList: [Function: isInNodeModules],
    preTransformRequests: false,
    createEnvironment: [Function: defaultCreateDevEnvironment],
    recoverable: false,
    moduleRunnerTransform: false
  },
  webSocketToken: 'HPJUecMAVr9L',
  getSortedPlugins: [Function: getSortedPlugins],
  getSortedPluginHooks: [Function: getSortedPluginHooks],
  createResolver: [Function: createResolver],
  fsDenyGlob: [Function: arrayMatcher],
  safeModulePaths: Set(0) {},
  Symbol(vite:resolved-config): true
}
transforming...
2026-02-11T07:55:42.285Z vite:resolve [32m0.32ms[39m [36mtailwindcss[39m -> 
[2mnull[22m
[32m??[39m 504 modules transformed.
